[{"id":1,"created_at":"2020-04-15T12:04:28.95584","started_at":"2020-04-15T12:04:28.95584","finished_at":"2020-04-15T12:04:28.95584","pre_import":true,"pre_import_started_at":"2020-04-15T12:04:28.95584","pre_import_finished_at":"2020-04-15T12:04:28.95584","pre_import_error":null,"tag_import":false,"tag_import_started_at":null,"tag_import_finished_at":null,"tag_import_error":null,"blob_import":false,"blob_import_started_at":null,"blob_import_finished_at":null,"blob_import_error":null,"repositories_count":8,"tags_count":10,"manifests_count":10,"blobs_count":0,"blobs_size_bytes":0,"storage_driver":"test driver"}]